Archive member included to satisfy reference by file (symbol)

lib/orangescrt.a(printf.o)    kernel/main.o (printf)
lib/orangescrt.a(vsprintf.o)  kernel/main.o (vsprintf)
lib/orangescrt.a(string.o)    kernel/start.o (memcpy)
lib/orangescrt.a(misc.o)      kernel/main.o (send_recv)
lib/orangescrt.a(open.o)      kernel/main.o (open)
lib/orangescrt.a(read.o)      kernel/main.o (read)
lib/orangescrt.a(write.o)     kernel/main.o (write)
lib/orangescrt.a(close.o)     kernel/main.o (close)
lib/orangescrt.a(lseek.o)     kernel/main.o (lseek)
lib/orangescrt.a(getpid.o)    kernel/main.o (getpid)
lib/orangescrt.a(stat.o)      mm/exec.o (stat)
lib/orangescrt.a(fork.o)      kernel/main.o (fork)
lib/orangescrt.a(wait.o)      kernel/main.o (wait)
lib/orangescrt.a(exec.o)      kernel/main.o (execv)
lib/orangescrt.a(syscall.o)   lib/orangescrt.a(misc.o) (sendrec)

Allocating common symbols
Common symbol       size              file

idt_ptr             0x6               kernel/global.o
inode_table         0xb00             kernel/global.o
task_stack          0x24000           kernel/global.o
k_reenter           0x4               kernel/global.o
gdt                 0x400             kernel/global.o
current_console     0x4               kernel/global.o
pcaller             0x4               kernel/global.o
tty_table           0xc6c             kernel/global.o
tss                 0x68              kernel/global.o
fs_msg              0x30              kernel/global.o
memory_size         0x4               kernel/global.o
f_desc_table        0x400             kernel/global.o
root_inode          0x4               kernel/global.o
disp_pos            0x4               kernel/global.o
mm_msg              0x30              kernel/global.o
key_pressed         0x4               kernel/global.o
gdt_ptr             0x6               kernel/global.o
idt                 0x800             kernel/global.o
super_block         0x1e0             kernel/global.o
PARTITION_ENTRY     0x10              kernel/hd.o
ticks               0x4               kernel/global.o
console_table       0x3c              kernel/global.o
irq_table           0x40              kernel/global.o
p_proc_ready        0x4               kernel/global.o
proc_table          0x3af8            kernel/global.o

Discarded input sections

 .note.GNU-stack
                0x0000000000000000        0x0 kernel/start.o
 .note.GNU-stack
                0x0000000000000000        0x0 kernel/main.o
 .note.GNU-stack
                0x0000000000000000        0x0 kernel/clock.o
 .note.GNU-stack
                0x0000000000000000        0x0 kernel/keyboard.o
 .note.GNU-stack
                0x0000000000000000        0x0 kernel/tty.o
 .note.GNU-stack
                0x0000000000000000        0x0 kernel/console.o
 .note.GNU-stack
                0x0000000000000000        0x0 kernel/i8259.o
 .note.GNU-stack
                0x0000000000000000        0x0 kernel/global.o
 .note.GNU-stack
                0x0000000000000000        0x0 kernel/protect.o
 .note.GNU-stack
                0x0000000000000000        0x0 kernel/proc.o
 .note.GNU-stack
                0x0000000000000000        0x0 kernel/systask.o
 .note.GNU-stack
                0x0000000000000000        0x0 kernel/hd.o
 .note.GNU-stack
                0x0000000000000000        0x0 kernel/klib.o
 .note.GNU-stack
                0x0000000000000000        0x0 lib/syslog.o
 .note.GNU-stack
                0x0000000000000000        0x0 mm/main.o
 .note.GNU-stack
                0x0000000000000000        0x0 mm/forkexit.o
 .note.GNU-stack
                0x0000000000000000        0x0 mm/exec.o
 .note.GNU-stack
                0x0000000000000000        0x0 fs/main.o
 .note.GNU-stack
                0x0000000000000000        0x0 fs/open.o
 .note.GNU-stack
                0x0000000000000000        0x0 fs/misc.o
 .note.GNU-stack
                0x0000000000000000        0x0 fs/read_write.o
 .note.GNU-stack
                0x0000000000000000        0x0 fs/link.o
 .note.GNU-stack
                0x0000000000000000        0x0 fs/disklog.o
 .note.GNU-stack
                0x0000000000000000        0x0 lib/orangescrt.a(printf.o)
 .note.GNU-stack
                0x0000000000000000        0x0 lib/orangescrt.a(vsprintf.o)
 .note.GNU-stack
                0x0000000000000000        0x0 lib/orangescrt.a(misc.o)
 .note.GNU-stack
                0x0000000000000000        0x0 lib/orangescrt.a(open.o)
 .note.GNU-stack
                0x0000000000000000        0x0 lib/orangescrt.a(read.o)
 .note.GNU-stack
                0x0000000000000000        0x0 lib/orangescrt.a(write.o)
 .note.GNU-stack
                0x0000000000000000        0x0 lib/orangescrt.a(close.o)
 .note.GNU-stack
                0x0000000000000000        0x0 lib/orangescrt.a(lseek.o)
 .note.GNU-stack
                0x0000000000000000        0x0 lib/orangescrt.a(getpid.o)
 .note.GNU-stack
                0x0000000000000000        0x0 lib/orangescrt.a(stat.o)
 .note.GNU-stack
                0x0000000000000000        0x0 lib/orangescrt.a(fork.o)
 .note.GNU-stack
                0x0000000000000000        0x0 lib/orangescrt.a(wait.o)
 .note.GNU-stack
                0x0000000000000000        0x0 lib/orangescrt.a(exec.o)

Memory Configuration

Name             Origin             Length             Attributes
*default*        0x0000000000000000 0xffffffffffffffff

Linker script and memory map

Address of section .text set to 0x1000
LOAD kernel/kernel.o
LOAD kernel/start.o
LOAD kernel/main.o
LOAD kernel/clock.o
LOAD kernel/keyboard.o
LOAD kernel/tty.o
LOAD kernel/console.o
LOAD kernel/i8259.o
LOAD kernel/global.o
LOAD kernel/protect.o
LOAD kernel/proc.o
LOAD kernel/systask.o
LOAD kernel/hd.o
LOAD kernel/kliba.o
LOAD kernel/klib.o
LOAD lib/syslog.o
LOAD mm/main.o
LOAD mm/forkexit.o
LOAD mm/exec.o
LOAD fs/main.o
LOAD fs/open.o
LOAD fs/misc.o
LOAD fs/read_write.o
LOAD fs/link.o
LOAD fs/disklog.o
LOAD lib/orangescrt.a
                0x0000000008048000                PROVIDE (__executable_start, 0x8048000)
                0x0000000008048094                . = (0x8048000 + SIZEOF_HEADERS)

.interp
 *(.interp)

.note.gnu.build-id
 *(.note.gnu.build-id)

.hash
 *(.hash)

.gnu.hash
 *(.gnu.hash)

.dynsym
 *(.dynsym)

.dynstr
 *(.dynstr)

.gnu.version
 *(.gnu.version)

.gnu.version_d
 *(.gnu.version_d)

.gnu.version_r
 *(.gnu.version_r)

.rel.dyn        0x0000000008048094        0x0
 *(.rel.init)
 *(.rel.text .rel.text.* .rel.gnu.linkonce.t.*)
 .rel.text      0x0000000000000000        0x0 kernel/kernel.o
 *(.rel.fini)
 *(.rel.rodata .rel.rodata.* .rel.gnu.linkonce.r.*)
 *(.rel.data.rel.ro .rel.data.rel.ro.* .rel.gnu.linkonce.d.rel.ro.*)
 *(.rel.data .rel.data.* .rel.gnu.linkonce.d.*)
 .rel.data      0x0000000000000000        0x0 kernel/kernel.o
 *(.rel.tdata .rel.tdata.* .rel.gnu.linkonce.td.*)
 *(.rel.tbss .rel.tbss.* .rel.gnu.linkonce.tb.*)
 *(.rel.ctors)
 *(.rel.dtors)
 *(.rel.got)
 *(.rel.bss .rel.bss.* .rel.gnu.linkonce.b.*)
 *(.rel.ifunc)

.rel.plt        0x0000000008048094        0x0
 *(.rel.plt)
                0x0000000008048094                PROVIDE (__rel_iplt_start, .)
 *(.rel.iplt)
 .rel.iplt      0x0000000000000000        0x0 kernel/kernel.o
                0x0000000008048094                PROVIDE (__rel_iplt_end, .)

.init
 *(SORT(.init))

.plt            0x00000000080480a0        0x0
 *(.plt)
 *(.iplt)
 .iplt          0x0000000000000000        0x0 kernel/kernel.o

.text           0x0000000000001000     0xca48
 *(.text.unlikely .text.*_unlikely .text.unlikely.*)
 *(.text.exit .text.exit.*)
 *(.text.startup .text.startup.*)
 *(.text.hot .text.hot.*)
 *(.text .stub .text.* .gnu.linkonce.t.*)
 .text          0x0000000000001000      0x410 kernel/kernel.o
                0x0000000000001000                _start
                0x0000000000001040                hwint00
                0x0000000000001070                hwint01
                0x00000000000010a0                hwint02
                0x00000000000010d0                hwint03
                0x0000000000001100                hwint04
                0x0000000000001130                hwint05
                0x0000000000001160                hwint06
                0x0000000000001190                hwint07
                0x00000000000011c0                hwint08
                0x00000000000011f0                hwint09
                0x0000000000001220                hwint10
                0x0000000000001250                hwint11
                0x0000000000001280                hwint12
                0x00000000000012b0                hwint13
                0x00000000000012e0                hwint14
                0x0000000000001310                hwint15
                0x0000000000001334                divide_error
                0x000000000000133a                single_step_exception
                0x0000000000001340                nmi
                0x0000000000001346                breakpoint_exception
                0x000000000000134c                overflow
                0x0000000000001352                bounds_check
                0x0000000000001358                inval_opcode
                0x000000000000135e                copr_not_available
                0x0000000000001364                double_fault
                0x0000000000001368                copr_seg_overrun
                0x000000000000136e                inval_tss
                0x0000000000001372                segment_not_present
                0x0000000000001376                stack_exception
                0x000000000000137a                general_protection
                0x000000000000137e                page_fault
                0x0000000000001382                copr_error
                0x00000000000013cb                sys_call
                0x00000000000013eb                restart
 .text          0x0000000000001410       0x8e kernel/start.o
                0x0000000000001410                cstart
 .text          0x000000000000149e      0xa6e kernel/main.o
                0x000000000000149e                kernel_main
                0x00000000000017d3                get_ticks
                0x000000000000180b                untar
                0x0000000000001af8                shabby_shell
                0x0000000000001d38                Init
                0x0000000000001ead                TestA
                0x0000000000001eb2                TestB
                0x0000000000001eb7                TestC
                0x0000000000001ebc                panic
 .text          0x0000000000001f0c      0x115 kernel/clock.o
                0x0000000000001f0c                clock_handler
                0x0000000000001f84                milli_delay
                0x0000000000001fbd                init_clock
 .text          0x0000000000002021      0x6cf kernel/keyboard.o
                0x0000000000002021                keyboard_handler
                0x0000000000002087                init_keyboard
                0x0000000000002136                keyboard_read
 .text          0x00000000000026f0      0x9d3 kernel/tty.o
                0x00000000000026f0                task_tty
                0x00000000000028a4                in_process
                0x0000000000002dca                sys_printx
                0x0000000000002f6c                dump_tty_buf
 .text          0x00000000000030c3      0x7e1 kernel/console.o
                0x00000000000030c3                init_screen
                0x0000000000003234                out_char
                0x000000000000352a                is_current_console
                0x000000000000361f                select_console
                0x000000000000365a                scroll_screen
 .text          0x00000000000038a4      0x13c kernel/i8259.o
                0x00000000000038a4                init_8259A
                0x0000000000003995                spurious_irq
                0x00000000000039c0                put_irq_handler
 .text          0x00000000000039e0        0x0 kernel/global.o
 .text          0x00000000000039e0      0x842 kernel/protect.o
                0x00000000000039e0                init_prot
                0x000000000000403a                seg2linear
                0x0000000000004089                init_desc
                0x00000000000040f5                exception_handler
 .text          0x0000000000004222     0x18aa kernel/proc.o
                0x0000000000004222                schedule
                0x00000000000042ad                sys_sendrec
                0x000000000000440c                ldt_seg_linear
                0x0000000000004456                va2la
                0x00000000000044c5                reset_msg
                0x000000000000548c                inform_int
                0x0000000000005622                dump_proc
                0x0000000000005985                dump_msg
 .text          0x0000000000005acc      0x2cf kernel/systask.o
                0x0000000000005acc                task_sys
 .text          0x0000000000005d9b      0xd88 kernel/hd.o
                0x0000000000005d9b                task_hd
                0x0000000000006afe                hd_handler
 *fill*         0x0000000000006b23        0xd 
 .text          0x0000000000006b30      0x19a kernel/kliba.o
                0x0000000000006b30                disp_str
                0x0000000000006b6e                disp_color_str
                0x0000000000006bad                out_byte
                0x0000000000006bb9                in_byte
                0x0000000000006bc3                port_read
                0x0000000000006bd6                port_write
                0x0000000000006be9                disable_irq
                0x0000000000006c1e                enable_irq
                0x0000000000006c3d                disable_int
                0x0000000000006c3f                enable_int
                0x0000000000006c41                glitter
 .text          0x0000000000006cca      0x2d2 kernel/klib.o
                0x0000000000006cca                get_boot_params
                0x0000000000006d6a                get_kernel_map
                0x0000000000006e86                itoa
                0x0000000000006f31                disp_int
                0x0000000000006f56                delay
 .text          0x0000000000006f9c       0x75 lib/syslog.o
                0x0000000000006f9c                syslog
 .text          0x0000000000007011      0x1d9 mm/main.o
                0x0000000000007011                task_mm
                0x0000000000007157                alloc_mem
                0x00000000000071e0                free_mem
 .text          0x00000000000071ea      0x620 mm/forkexit.o
                0x00000000000071ea                do_fork
                0x0000000000007586                do_exit
                0x0000000000007751                do_wait
 .text          0x000000000000780a      0x392 mm/exec.o
                0x000000000000780a                do_exec
 .text          0x0000000000007b9c     0x12b3 fs/main.o
                0x0000000000007b9c                task_fs
                0x00000000000087ed                rw_sector
                0x0000000000008a27                get_super_block
                0x0000000000008a6d                get_inode
                0x0000000000008bdb                put_inode
                0x0000000000008c20                sync_inode
 .text          0x0000000000008e4f      0xc49 fs/open.o
                0x0000000000008e4f                do_open
                0x00000000000093ca                do_close
                0x0000000000009441                do_lseek
 .text          0x0000000000009a98      0x3f6 fs/misc.o
                0x0000000000009a98                do_stat
                0x0000000000009c89                search_file
                0x0000000000009e02                strip_path
 .text          0x0000000000009e8e      0x522 fs/read_write.o
                0x0000000000009e8e                do_rdwt
 .text          0x000000000000a3b0      0x8f6 fs/link.o
                0x000000000000a3b0                do_unlink
 .text          0x000000000000aca6     0x2142 fs/disklog.o
                0x000000000000aca6                disklog
                0x000000000000b2ec                dump_fd_graph
 .text          0x000000000000cde8       0xc0 lib/orangescrt.a(printf.o)
                0x000000000000cde8                printf
                0x000000000000ce67                printl
 .text          0x000000000000cea8      0x318 lib/orangescrt.a(vsprintf.o)
                0x000000000000cf0b                vsprintf
                0x000000000000d196                sprintf
 .text          0x000000000000d1c0       0x78 lib/orangescrt.a(string.o)
                0x000000000000d1c0                memcpy
                0x000000000000d1e9                memset
                0x000000000000d20a                strcpy
                0x000000000000d222                strlen
 .text          0x000000000000d238      0x288 lib/orangescrt.a(misc.o)
                0x000000000000d238                send_recv
                0x000000000000d318                memcmp
                0x000000000000d38e                strcmp
                0x000000000000d400                strcat
                0x000000000000d45f                spin
                0x000000000000d47a                assertion_failure
 .text          0x000000000000d4c0       0x73 lib/orangescrt.a(open.o)
                0x000000000000d4c0                open
 .text          0x000000000000d533       0x3f lib/orangescrt.a(read.o)
                0x000000000000d533                read
 .text          0x000000000000d572       0x3f lib/orangescrt.a(write.o)
                0x000000000000d572                write
 .text          0x000000000000d5b1       0x33 lib/orangescrt.a(close.o)
                0x000000000000d5b1                close
 .text          0x000000000000d5e4       0x3f lib/orangescrt.a(lseek.o)
                0x000000000000d5e4                lseek
 .text          0x000000000000d623       0x59 lib/orangescrt.a(getpid.o)
                0x000000000000d623                getpid
 .text          0x000000000000d67c       0x73 lib/orangescrt.a(stat.o)
                0x000000000000d67c                stat
 .text          0x000000000000d6ef       0x84 lib/orangescrt.a(fork.o)
                0x000000000000d6ef                fork
 .text          0x000000000000d773       0x44 lib/orangescrt.a(wait.o)
                0x000000000000d773                wait
 .text          0x000000000000d7b7      0x263 lib/orangescrt.a(exec.o)
                0x000000000000d7b7                exec
                0x000000000000d832                execl
                0x000000000000d858                execv
 *fill*         0x000000000000da1a        0x6 
 .text          0x000000000000da20       0x28 lib/orangescrt.a(syscall.o)
                0x000000000000da20                sendrec
                0x000000000000da3a                printx
 *(.gnu.warning)

.fini
 *(SORT(.fini))
                0x000000000000da48                PROVIDE (__etext, .)
                0x000000000000da48                PROVIDE (_etext, .)
                0x000000000000da48                PROVIDE (etext, .)

.rodata         0x000000000000da60     0x25eb
 *(.rodata .rodata.* .gnu.linkonce.r.*)
 .rodata        0x000000000000da60       0x47 kernel/start.o
 *fill*         0x000000000000daa7        0x1 
 .rodata        0x000000000000daa8      0x1ec kernel/main.o
 .rodata        0x000000000000dc94       0x64 kernel/keyboard.o
 .rodata        0x000000000000dcf8      0x13c kernel/tty.o
 .rodata        0x000000000000de34       0x5b kernel/console.o
 .rodata        0x000000000000de8f       0x11 kernel/i8259.o
 .rodata        0x000000000000dea0       0x10 kernel/global.o
                0x000000000000dea0                FSBUF_SIZE
                0x000000000000dea4                MMBUF_SIZE
                0x000000000000dea8                LOGBUF_SIZE
                0x000000000000deac                LOGDISKBUF_SIZE
 *fill*         0x000000000000deb0       0x10 
 .rodata        0x000000000000dec0      0x580 kernel/protect.o
 .rodata        0x000000000000e440      0x5da kernel/proc.o
 .rodata        0x000000000000ea1a       0x11 kernel/systask.o
 *fill*         0x000000000000ea2b        0x1 
 .rodata        0x000000000000ea2c      0x15c kernel/hd.o
 .rodata        0x000000000000eb88       0x6a kernel/klib.o
 .rodata        0x000000000000ebf2       0x1e lib/syslog.o
 .rodata        0x000000000000ec10       0xb1 mm/main.o
 *fill*         0x000000000000ecc1        0x3 
 .rodata        0x000000000000ecc4       0xe7 mm/forkexit.o
 *fill*         0x000000000000edab        0x1 
 .rodata        0x000000000000edac       0xa4 mm/exec.o
 .rodata        0x000000000000ee50      0x2ce fs/main.o
 *fill*         0x000000000000f11e        0x2 
 .rodata        0x000000000000f120      0x1c8 fs/open.o
 .rodata        0x000000000000f2e8       0x60 fs/misc.o
 .rodata        0x000000000000f348      0x164 fs/read_write.o
 .rodata        0x000000000000f4ac      0x1ad fs/link.o
 *fill*         0x000000000000f659        0x3 
 .rodata        0x000000000000f65c      0x806 fs/disklog.o
 .rodata        0x000000000000fe62       0x14 lib/orangescrt.a(printf.o)
 *fill*         0x000000000000fe76        0x2 
 .rodata        0x000000000000fe78       0xad lib/orangescrt.a(misc.o)
 .rodata        0x000000000000ff25       0x23 lib/orangescrt.a(open.o)
 .rodata        0x000000000000ff48       0x25 lib/orangescrt.a(getpid.o)
 .rodata        0x000000000000ff6d       0x23 lib/orangescrt.a(stat.o)
 .rodata        0x000000000000ff90       0x33 lib/orangescrt.a(fork.o)
 *fill*         0x000000000000ffc3        0x1 
 .rodata        0x000000000000ffc4       0x87 lib/orangescrt.a(exec.o)

.rodata1
 *(.rodata1)

.eh_frame_hdr
 *(.eh_frame_hdr)

.eh_frame       0x000000000001004c     0x12b8
 *(.eh_frame)
 .eh_frame      0x000000000001004c       0x38 kernel/start.o
 .eh_frame      0x0000000000010084      0x108 kernel/main.o
                                        0x120 (size before relaxing)
 .eh_frame      0x000000000001018c       0x60 kernel/clock.o
                                         0x78 (size before relaxing)
 .eh_frame      0x00000000000101ec       0xe0 kernel/keyboard.o
                                         0xf8 (size before relaxing)
 .eh_frame      0x00000000000102cc      0x13c kernel/tty.o
                                        0x154 (size before relaxing)
 .eh_frame      0x0000000000010408      0x148 kernel/console.o
                                        0x160 (size before relaxing)
 .eh_frame      0x0000000000010550       0x60 kernel/i8259.o
                                         0x78 (size before relaxing)
 .eh_frame      0x00000000000105b0       0xb0 kernel/protect.o
                                         0xc8 (size before relaxing)
 .eh_frame      0x0000000000010660      0x1c0 kernel/proc.o
                                        0x1d8 (size before relaxing)
 .eh_frame      0x0000000000010820       0x5c kernel/systask.o
                                         0x74 (size before relaxing)
 .eh_frame      0x000000000001087c      0x1e8 kernel/hd.o
                                        0x200 (size before relaxing)
 .eh_frame      0x0000000000010a64       0xa0 kernel/klib.o
                                         0xb8 (size before relaxing)
 .eh_frame      0x0000000000010b04       0x20 lib/syslog.o
                                         0x38 (size before relaxing)
 .eh_frame      0x0000000000010b24       0x7c mm/main.o
                                         0x94 (size before relaxing)
 .eh_frame      0x0000000000010ba0       0x90 mm/forkexit.o
                                         0xa8 (size before relaxing)
 .eh_frame      0x0000000000010c30       0x2c mm/exec.o
                                         0x44 (size before relaxing)
 .eh_frame      0x0000000000010c5c      0x174 fs/main.o
                                        0x18c (size before relaxing)
 .eh_frame      0x0000000000010dd0      0x128 fs/open.o
                                        0x140 (size before relaxing)
 .eh_frame      0x0000000000010ef8       0x70 fs/misc.o
                                         0x88 (size before relaxing)
 .eh_frame      0x0000000000010f68       0x2c fs/read_write.o
                                         0x44 (size before relaxing)
 .eh_frame      0x0000000000010f94       0x2c fs/link.o
                                         0x44 (size before relaxing)
 .eh_frame      0x0000000000010fc0       0x60 fs/disklog.o
                                         0x78 (size before relaxing)
 .eh_frame      0x0000000000011020       0x40 lib/orangescrt.a(printf.o)
                                         0x58 (size before relaxing)
 .eh_frame      0x0000000000011060       0x68 lib/orangescrt.a(vsprintf.o)
                                         0x80 (size before relaxing)
 .eh_frame      0x00000000000110c8       0xbc lib/orangescrt.a(misc.o)
                                         0xd4 (size before relaxing)
 .eh_frame      0x0000000000011184       0x20 lib/orangescrt.a(open.o)
                                         0x38 (size before relaxing)
 .eh_frame      0x00000000000111a4       0x20 lib/orangescrt.a(read.o)
                                         0x38 (size before relaxing)
 .eh_frame      0x00000000000111c4       0x20 lib/orangescrt.a(write.o)
                                         0x38 (size before relaxing)
 .eh_frame      0x00000000000111e4       0x20 lib/orangescrt.a(close.o)
                                         0x38 (size before relaxing)
 .eh_frame      0x0000000000011204       0x20 lib/orangescrt.a(lseek.o)
                                         0x38 (size before relaxing)
 .eh_frame      0x0000000000011224       0x20 lib/orangescrt.a(getpid.o)
                                         0x38 (size before relaxing)
 .eh_frame      0x0000000000011244       0x20 lib/orangescrt.a(stat.o)
                                         0x38 (size before relaxing)
 .eh_frame      0x0000000000011264       0x20 lib/orangescrt.a(fork.o)
                                         0x38 (size before relaxing)
 .eh_frame      0x0000000000011284       0x20 lib/orangescrt.a(wait.o)
                                         0x38 (size before relaxing)
 .eh_frame      0x00000000000112a4       0x60 lib/orangescrt.a(exec.o)
                                         0x78 (size before relaxing)

.gcc_except_table
 *(.gcc_except_table .gcc_except_table.*)

.exception_ranges
 *(.exception_ranges .exception_ranges*)
                0x0000000000011304                . = (ALIGN (0x1000) - ((0x1000 - .) & 0xfff))
                0x0000000000012304                . = DATA_SEGMENT_ALIGN (0x1000, 0x1000)

.eh_frame
 *(.eh_frame)

.gcc_except_table
 *(.gcc_except_table .gcc_except_table.*)

.exception_ranges
 *(.exception_ranges .exception_ranges*)

.tdata
 *(.tdata .tdata.* .gnu.linkonce.td.*)

.tbss
 *(.tbss .tbss.* .gnu.linkonce.tb.*)
 *(.tcommon)

.preinit_array  0x0000000000012304        0x0
                0x0000000000012304                PROVIDE (__preinit_array_start, .)
 *(.preinit_array)
                0x0000000000012304                PROVIDE (__preinit_array_end, .)

.init_array     0x0000000000012304        0x0
                0x0000000000012304                PROVIDE (__init_array_start, .)
 *(SORT(.init_array.*) SORT(.ctors.*))
 *(.init_array EXCLUDE_FILE(*crtend?.o *crtend.o *crtbegin?.o *crtbegin.o) .ctors)
                0x0000000000012304                PROVIDE (__init_array_end, .)

.fini_array     0x0000000000012304        0x0
                0x0000000000012304                PROVIDE (__fini_array_start, .)
 *(SORT(.fini_array.*) SORT(.dtors.*))
 *(.fini_array EXCLUDE_FILE(*crtend?.o *crtend.o *crtbegin?.o *crtbegin.o) .dtors)
                0x0000000000012304                PROVIDE (__fini_array_end, .)

.ctors
 *crtbegin.o(.ctors)
 *crtbegin?.o(.ctors)
 *(EXCLUDE_FILE(*crtend?.o *crtend.o) .ctors)
 *(SORT(.ctors.*))
 *(.ctors)

.dtors
 *crtbegin.o(.dtors)
 *crtbegin?.o(.dtors)
 *(EXCLUDE_FILE(*crtend?.o *crtend.o) .dtors)
 *(SORT(.dtors.*))
 *(.dtors)

.jcr
 *(.jcr)

.data.rel.ro
 *(.data.rel.ro.local* .gnu.linkonce.d.rel.ro.local.*)
 *(.data.rel.ro .data.rel.ro.* .gnu.linkonce.d.rel.ro.*)

.dynamic
 *(.dynamic)

.got
 *(.got)
 *(.igot)
                0x0000000000012304                . = DATA_SEGMENT_RELRO_END (., (SIZEOF (.got.plt) >= 0xc)?0xc:0x0)

.got.plt        0x0000000000012304        0x0
 *(.got.plt)
 *(.igot.plt)
 .igot.plt      0x0000000000000000        0x0 kernel/kernel.o

.data           0x0000000000012320      0x814
 *(.data .data.* .gnu.linkonce.d.*)
 .data          0x0000000000012320        0x2 kernel/kernel.o
 .data          0x0000000000012322        0x0 kernel/start.o
 .data          0x0000000000012322        0x0 kernel/main.o
 .data          0x0000000000012322        0x0 kernel/clock.o
 *fill*         0x0000000000012322       0x1e 
 .data          0x0000000000012340      0x600 kernel/keyboard.o
                0x0000000000012340                keymap
 .data          0x0000000000012940       0x22 kernel/tty.o
 .data          0x0000000000012962        0x0 kernel/console.o
 .data          0x0000000000012962        0x0 kernel/i8259.o
 *fill*         0x0000000000012962       0x1e 
 .data          0x0000000000012980      0x1b4 kernel/global.o
                0x0000000000012980                task_table
                0x0000000000012a60                user_proc_table
                0x0000000000012b00                sys_call_table
                0x0000000000012b0c                dd_map
                0x0000000000012b24                fsbuf
                0x0000000000012b28                mmbuf
                0x0000000000012b2c                logbuf
                0x0000000000012b30                logdiskbuf
 .data          0x0000000000012b34        0x0 kernel/protect.o
 .data          0x0000000000012b34        0x0 kernel/proc.o
 .data          0x0000000000012b34        0x0 kernel/systask.o
 .data          0x0000000000012b34        0x0 kernel/hd.o
 .data          0x0000000000012b34        0x0 kernel/klib.o
 .data          0x0000000000012b34        0x0 lib/syslog.o
 .data          0x0000000000012b34        0x0 mm/main.o
 .data          0x0000000000012b34        0x0 mm/forkexit.o
 .data          0x0000000000012b34        0x0 mm/exec.o
 .data          0x0000000000012b34        0x0 fs/main.o
 .data          0x0000000000012b34        0x0 fs/open.o
 .data          0x0000000000012b34        0x0 fs/misc.o
 .data          0x0000000000012b34        0x0 fs/read_write.o
 .data          0x0000000000012b34        0x0 fs/link.o
 .data          0x0000000000012b34        0x0 fs/disklog.o
 .data          0x0000000000012b34        0x0 lib/orangescrt.a(printf.o)
 .data          0x0000000000012b34        0x0 lib/orangescrt.a(vsprintf.o)
 .data          0x0000000000012b34        0x0 lib/orangescrt.a(misc.o)
 .data          0x0000000000012b34        0x0 lib/orangescrt.a(open.o)
 .data          0x0000000000012b34        0x0 lib/orangescrt.a(read.o)
 .data          0x0000000000012b34        0x0 lib/orangescrt.a(write.o)
 .data          0x0000000000012b34        0x0 lib/orangescrt.a(close.o)
 .data          0x0000000000012b34        0x0 lib/orangescrt.a(lseek.o)
 .data          0x0000000000012b34        0x0 lib/orangescrt.a(getpid.o)
 .data          0x0000000000012b34        0x0 lib/orangescrt.a(stat.o)
 .data          0x0000000000012b34        0x0 lib/orangescrt.a(fork.o)
 .data          0x0000000000012b34        0x0 lib/orangescrt.a(wait.o)
 .data          0x0000000000012b34        0x0 lib/orangescrt.a(exec.o)

.data1
 *(.data1)
                0x0000000000012b34                _edata = .
                0x0000000000012b34                PROVIDE (edata, .)
                0x0000000000012b34                . = .
                0x0000000000012b34                __bss_start = .

.bss            0x0000000000012b40    0x2bf88
 *(.dynbss)
 *(.bss .bss.* .gnu.linkonce.b.*)
 .bss           0x0000000000012b40     0x1000 kernel/kernel.o
 .bss           0x0000000000013b40        0x0 kernel/start.o
 .bss           0x0000000000013b40        0x0 kernel/main.o
 .bss           0x0000000000013b40        0x0 kernel/clock.o
 .bss           0x0000000000013b40       0x58 kernel/keyboard.o
 .bss           0x0000000000013b98        0x0 kernel/tty.o
 .bss           0x0000000000013b98        0x0 kernel/console.o
 .bss           0x0000000000013b98        0x0 kernel/i8259.o
 .bss           0x0000000000013b98        0x0 kernel/global.o
 .bss           0x0000000000013b98        0x0 kernel/protect.o
 .bss           0x0000000000013b98        0x0 kernel/proc.o
 .bss           0x0000000000013b98        0x0 kernel/systask.o
 *fill*         0x0000000000013b98        0x8 
 .bss           0x0000000000013ba0      0x64c kernel/hd.o
 .bss           0x00000000000141ec        0x0 kernel/klib.o
 .bss           0x00000000000141ec        0x0 lib/syslog.o
 .bss           0x00000000000141ec        0x0 mm/main.o
 .bss           0x00000000000141ec        0x0 mm/forkexit.o
 .bss           0x00000000000141ec        0x0 mm/exec.o
 .bss           0x00000000000141ec        0x0 fs/main.o
 .bss           0x00000000000141ec        0x0 fs/open.o
 .bss           0x00000000000141ec        0x0 fs/misc.o
 .bss           0x00000000000141ec        0x0 fs/read_write.o
 .bss           0x00000000000141ec        0x0 fs/link.o
 *fill*         0x00000000000141ec       0x14 
 .bss           0x0000000000014200      0x208 fs/disklog.o
 .bss           0x0000000000014408        0x0 lib/orangescrt.a(printf.o)
 .bss           0x0000000000014408        0x0 lib/orangescrt.a(vsprintf.o)
 .bss           0x0000000000014408        0x0 lib/orangescrt.a(misc.o)
 .bss           0x0000000000014408        0x0 lib/orangescrt.a(open.o)
 .bss           0x0000000000014408        0x0 lib/orangescrt.a(read.o)
 .bss           0x0000000000014408        0x0 lib/orangescrt.a(write.o)
 .bss           0x0000000000014408        0x0 lib/orangescrt.a(close.o)
 .bss           0x0000000000014408        0x0 lib/orangescrt.a(lseek.o)
 .bss           0x0000000000014408        0x0 lib/orangescrt.a(getpid.o)
 .bss           0x0000000000014408        0x0 lib/orangescrt.a(stat.o)
 .bss           0x0000000000014408        0x0 lib/orangescrt.a(fork.o)
 .bss           0x0000000000014408        0x0 lib/orangescrt.a(wait.o)
 .bss           0x0000000000014408        0x0 lib/orangescrt.a(exec.o)
 *(COMMON)
 *fill*         0x0000000000014408       0x18 
 COMMON         0x0000000000014420    0x2a698 kernel/global.o
                0x0000000000014420                idt_ptr
                0x0000000000014440                inode_table
                0x0000000000014f40                task_stack
                0x0000000000038f40                k_reenter
                0x0000000000038f60                gdt
                0x0000000000039360                current_console
                0x0000000000039364                pcaller
                0x0000000000039380                tty_table
                0x000000000003a000                tss
                0x000000000003a080                fs_msg
                0x000000000003a0b0                memory_size
                0x000000000003a0c0                f_desc_table
                0x000000000003a4c0                root_inode
                0x000000000003a4c4                disp_pos
                0x000000000003a4e0                mm_msg
                0x000000000003a510                key_pressed
                0x000000000003a514                gdt_ptr
                0x000000000003a520                idt
                0x000000000003ad20                super_block
                0x000000000003af00                ticks
                0x000000000003af20                console_table
                0x000000000003af60                irq_table
                0x000000000003afa0                p_proc_ready
                0x000000000003afc0                proc_table
 COMMON         0x000000000003eab8       0x10 kernel/hd.o
                0x000000000003eab8                PARTITION_ENTRY
                0x000000000003eac8                . = ALIGN ((. != 0x0)?0x4:0x1)
                0x000000000003eac8                . = ALIGN (0x4)
                0x000000000003eac8                . = SEGMENT_START ("ldata-segment", .)
                0x000000000003eac8                . = ALIGN (0x4)
                0x000000000003eac8                _end = .
                0x000000000003eac8                PROVIDE (end, .)
                0x000000000003eac8                . = DATA_SEGMENT_END (.)

.stab
 *(.stab)

.stabstr
 *(.stabstr)

.stab.excl
 *(.stab.excl)

.stab.exclstr
 *(.stab.exclstr)

.stab.index
 *(.stab.index)

.stab.indexstr
 *(.stab.indexstr)

.comment        0x0000000000000000       0x2b
 *(.comment)
 .comment       0x0000000000000000       0x2b kernel/start.o
                                         0x2c (size before relaxing)
 .comment       0x0000000000000000       0x2c kernel/main.o
 .comment       0x0000000000000000       0x2c kernel/clock.o
 .comment       0x0000000000000000       0x2c kernel/keyboard.o
 .comment       0x0000000000000000       0x2c kernel/tty.o
 .comment       0x0000000000000000       0x2c kernel/console.o
 .comment       0x0000000000000000       0x2c kernel/i8259.o
 .comment       0x0000000000000000       0x2c kernel/global.o
 .comment       0x0000000000000000       0x2c kernel/protect.o
 .comment       0x0000000000000000       0x2c kernel/proc.o
 .comment       0x0000000000000000       0x2c kernel/systask.o
 .comment       0x0000000000000000       0x2c kernel/hd.o
 .comment       0x0000000000000000       0x2c kernel/klib.o
 .comment       0x0000000000000000       0x2c lib/syslog.o
 .comment       0x0000000000000000       0x2c mm/main.o
 .comment       0x0000000000000000       0x2c mm/forkexit.o
 .comment       0x0000000000000000       0x2c mm/exec.o
 .comment       0x0000000000000000       0x2c fs/main.o
 .comment       0x0000000000000000       0x2c fs/open.o
 .comment       0x0000000000000000       0x2c fs/misc.o
 .comment       0x0000000000000000       0x2c fs/read_write.o
 .comment       0x0000000000000000       0x2c fs/link.o
 .comment       0x0000000000000000       0x2c fs/disklog.o
 .comment       0x0000000000000000       0x2c lib/orangescrt.a(printf.o)
 .comment       0x0000000000000000       0x2c lib/orangescrt.a(vsprintf.o)
 .comment       0x0000000000000000       0x2c lib/orangescrt.a(misc.o)
 .comment       0x0000000000000000       0x2c lib/orangescrt.a(open.o)
 .comment       0x0000000000000000       0x2c lib/orangescrt.a(read.o)
 .comment       0x0000000000000000       0x2c lib/orangescrt.a(write.o)
 .comment       0x0000000000000000       0x2c lib/orangescrt.a(close.o)
 .comment       0x0000000000000000       0x2c lib/orangescrt.a(lseek.o)
 .comment       0x0000000000000000       0x2c lib/orangescrt.a(getpid.o)
 .comment       0x0000000000000000       0x2c lib/orangescrt.a(stat.o)
 .comment       0x0000000000000000       0x2c lib/orangescrt.a(fork.o)
 .comment       0x0000000000000000       0x2c lib/orangescrt.a(wait.o)
 .comment       0x0000000000000000       0x2c lib/orangescrt.a(exec.o)

.debug
 *(.debug)

.line
 *(.line)

.debug_srcinfo
 *(.debug_srcinfo)

.debug_sfnames
 *(.debug_sfnames)

.debug_aranges
 *(.debug_aranges)

.debug_pubnames
 *(.debug_pubnames)

.debug_info
 *(.debug_info .gnu.linkonce.wi.*)

.debug_abbrev
 *(.debug_abbrev)

.debug_line
 *(.debug_line .debug_line.* .debug_line_end)

.debug_frame
 *(.debug_frame)

.debug_str
 *(.debug_str)

.debug_loc
 *(.debug_loc)

.debug_macinfo
 *(.debug_macinfo)

.debug_weaknames
 *(.debug_weaknames)

.debug_funcnames
 *(.debug_funcnames)

.debug_typenames
 *(.debug_typenames)

.debug_varnames
 *(.debug_varnames)

.debug_pubtypes
 *(.debug_pubtypes)

.debug_ranges
 *(.debug_ranges)

.debug_macro
 *(.debug_macro)

.gnu.attributes
 *(.gnu.attributes)

/DISCARD/
 *(.note.GNU-stack)
 *(.gnu_debuglink)
 *(.gnu.lto_*)
OUTPUT(kernel.bin elf32-i386)
